
> insta@0.1.0 test
> vitest run


[1m[46m RUN [49m[22m [36mv4.0.18 [39m[90mE:/insta[39m

[90mstdout[2m | src/tests/integration.test.ts
[22m[39m
Γ£à TEST SUITE READY FOR EXECUTION
Run with: npm test

[90mstdout[2m | src/tests/integration.test.ts[2m > [22m[2m≡ƒÜÇ CREATORLY BACKEND-UI INTEGRATION TESTS
[22m[39mΓ£à Test environment ready

 [32mΓ£ô[39m src/lib/compliance/gst.test.ts [2m([22m[2m4 tests[22m[2m)[22m[32m 14[2mms[22m[39m
 [32mΓ£ô[39m src/__tests__/subscription-logic.test.ts [2m([22m[2m4 tests[22m[2m)[22m[32m 15[2mms[22m[39m
[90mstdout[2m | src/tests/integration.test.ts[2m > [22m[2m≡ƒÜÇ CREATORLY BACKEND-UI INTEGRATION TESTS
[22m[39mΓ£à Tests completed

 [31mΓ¥»[39m src/tests/integration.test.ts [2m([22m[2m24 tests[22m[2m | [22m[31m15 failed[39m[2m)[22m[33m 7815[2mms[22m[39m
[31m       [31m├ù[31m Should signup a new creator[39m[32m 151[2mms[22m[39m
[31m       [31m├ù[31m Should login successfully[39m[33m 316[2mms[22m[39m
[31m       [31m├ù[31m Should fetch all products[39m[33m 673[2mms[22m[39m
[31m       [31m├ù[31m Should search products[39m[32m 178[2mms[22m[39m
[31m       [31m├ù[31m Should get product detail[39m[33m 309[2mms[22m[39m
       [32mΓ£ô[39m Should initialize cart[32m 251[2mms[22m[39m
[31m       [31m├ù[31m Should get marketplace[39m[32m 161[2mms[22m[39m
       [33m[2mΓ£ô[22m[39m Should fetch creator store [33m 727[2mms[22m[39m
       [33m[2mΓ£ô[22m[39m Should get creator products [33m 329[2mms[22m[39m
[31m       [31m├ù[31m Should fetch admin metrics (requires auth)[39m[32m 239[2mms[22m[39m
[31m       [31m├ù[31m Should list users (requires auth)[39m[32m 64[2mms[22m[39m
[31m       [31m├ù[31m Should list orders (requires auth)[39m[32m 193[2mms[22m[39m
[31m       [31m├ù[31m Should get finance data (requires auth)[39m[32m 178[2mms[22m[39m
[31m       [31m├ù[31m Should list coupons (requires auth)[39m[32m 158[2mms[22m[39m
       [32mΓ£ô[39m Should accept payment webhook[32m 267[2mms[22m[39m
[31m       [31m├ù[31m Should search for products[39m[32m 126[2mms[22m[39m
[31m       [31m├ù[31m Should search for creators[39m[32m 119[2mms[22m[39m
[31m       [31m├ù[31m Products should have required fields[39m[33m 420[2mms[22m[39m
       [32mΓ£ô[39m Admin metrics should have required structure[32m 218[2mms[22m[39m
       [33m[2mΓ£ô[22m[39m Should return 404 for non-existent routes [33m 331[2mms[22m[39m
[31m       [31m├ù[31m Should handle invalid requests gracefully[39m[32m 211[2mms[22m[39m
       [33m[2mΓ£ô[22m[39m Landing page loads correctly [33m 1533[2mms[22m[39m
       [33m[2mΓ£ô[22m[39m Dashboard page loads correctly [33m 411[2mms[22m[39m
       [32mΓ£ô[39m Login page loads correctly[32m 231[2mms[22m[39m
 [31mΓ¥»[39m e2e/payments.spec.ts [2m([22m[2m0 test[22m[2m)[22m
 [31mΓ¥»[39m e2e/auth.spec.ts [2m([22m[2m0 test[22m[2m)[22m
node.exe : 
At C:\Program Files\n
odejs\npm.ps1:29 
char:3
+   & $NODE_EXE 
$NPM_CLI_JS $args
+   ~~~~~~~~~~~~~~~~~
~~~~~~~~~~~~
    + CategoryInfo   
           : 
NotSpecified: (:    
String) [], 
RemoteExc    eption
    + 
FullyQualifiedError  
  Id : 
NativeCommandErr    
or
 
[31mΓÄ»ΓÄ»ΓÄ»ΓÄ»ΓÄ»Γ
Ä»[39m[1m[41m 
Failed Suites 2 [49m
[22m[31mΓÄ»ΓÄ»ΓÄ»ΓÄ
»ΓÄ»ΓÄ»ΓÄ»[39m

[41m[1m FAIL 
[22m[49m 
e2e/auth.spec.ts[2m 
[ e2e/auth.spec.ts 
][22m
[31m[1mError[22m: 
Playwright Test did 
not expect 
test.describe() to 
be called here.
Most common reasons 
include:
- You are calling 
test.describe() in a 
configuration file.
- You are calling 
test.describe() in a 
file that is 
imported by the 
configuration file.
- You have two 
different versions 
of @playwright/test. 
This usually happens
  when one of the 
dependencies in your 
package.json depends 
on @playwright/test.
[39m
[90m [2mΓ¥»[22m Te
stTypeImpl._currentSu
ite node_modules/play
wright/lib/common/tes
tType.js:[2m75:13[2
2m[39m
[90m [2mΓ¥»[22m Te
stTypeImpl._describe 
node_modules/playwrig
ht/lib/common/testTyp
e.js:[2m115:24[22m
[39m
[90m [2mΓ¥»[22m 
Function.describe nod
e_modules/playwright/
lib/transform/transfo
rm.js:[2m282:12[22m
[39m
[36m [2mΓ¥»[22m e2
e/auth.spec.ts:[2m3:
6[22m[39m
    [90m  1| [39m[
35mimport[39m { 
test[33m,[39m 
expect } 
[35mfrom[39m [32m'
@playwright/test'[39
m[33m;[39m
    [90m  2| [39m
    [90m  3| [39mte
st[33m.[39m[34mdes
cribe[39m([32m'Auth
entication Flows'[39
m[33m,[39m () 
[33m=>[39m {
    [90m   | [39m  
   [31m^[39m
    [90m  4| [39m  
[34mtest[39m([32m'
User registration flo
w'[39m[33m,[39m 
[35masync[39m ({ 
page }) [33m=>[39m 
{
    [90m  5| [39m  
  [35mawait[39m pag
e[33m.[39m[34mgoto
[39m([32m'/auth/reg
ister'[39m)[33m;[3
9m

[31m[2mΓÄ»ΓÄ»ΓÄ»ΓÄ»
ΓÄ»ΓÄ»ΓÄ»ΓÄ»ΓÄ»ΓÄ»ΓÄ»
ΓÄ»ΓÄ»ΓÄ»ΓÄ»ΓÄ»ΓÄ»ΓÄ»
ΓÄ»ΓÄ»ΓÄ»ΓÄ»ΓÄ»[1/17]
ΓÄ»[22m[39m

[41m[1m FAIL 
[22m[49m e2e/paymen
ts.spec.ts[2m [ 
e2e/payments.spec.ts 
][22m
[31m[1mError[22m: 
Playwright Test did 
not expect 
test.describe() to 
be called here.
Most common reasons 
include:
- You are calling 
test.describe() in a 
configuration file.
- You are calling 
test.describe() in a 
file that is 
imported by the 
configuration file.
- You have two 
different versions 
of @playwright/test. 
This usually happens
  when one of the 
dependencies in your 
package.json depends 
on @playwright/test.
[39m
[90m [2mΓ¥»[22m Te
stTypeImpl._currentSu
ite node_modules/play
wright/lib/common/tes
tType.js:[2m75:13[2
2m[39m
[90m [2mΓ¥»[22m Te
stTypeImpl._describe 
node_modules/playwrig
ht/lib/common/testTyp
e.js:[2m115:24[22m
[39m
[90m [2mΓ¥»[22m 
Function.describe nod
e_modules/playwright/
lib/transform/transfo
rm.js:[2m282:12[22m
[39m
[36m [2mΓ¥»[22m e2
e/payments.spec.ts:[
2m3:6[22m[39m
    [90m  1| [39m[
35mimport[39m { 
test[33m,[39m 
expect } 
[35mfrom[39m [32m'
@playwright/test'[39
m[33m;[39m
    [90m  2| [39m
    [90m  3| [39mte
st[33m.[39m[34mdes
cribe[39m([32m'Paym
ent Flow'[39m[33m,
[39m () [33m=>[39m 
{
    [90m   | [39m  
   [31m^[39m
    [90m  4| [39m  
test[33m.[39m[34mb
eforeEach[39m([35ma
sync[39m ({ 
page[33m,[39m 
context }) 
[33m=>[39m {
    [90m  5| [39m  
  [90m// Login 
first[39m

[31m[2mΓÄ»ΓÄ»ΓÄ»ΓÄ»
ΓÄ»ΓÄ»ΓÄ»ΓÄ»ΓÄ»ΓÄ»ΓÄ»
ΓÄ»ΓÄ»ΓÄ»ΓÄ»ΓÄ»ΓÄ»ΓÄ»
ΓÄ»ΓÄ»ΓÄ»ΓÄ»ΓÄ»[2/17]
ΓÄ»[22m[39m


[31mΓÄ»ΓÄ»ΓÄ»ΓÄ»ΓÄ»Γ
Ä»[39m[1m[41m 
Failed Tests 15 [49m
[22m[31mΓÄ»ΓÄ»ΓÄ»ΓÄ
»ΓÄ»ΓÄ»ΓÄ»[39m

[41m[1m FAIL 
[22m[49m src/tests/
integration.test.ts[
2m > [22m≡ƒÜÇ 
CREATORLY BACKEND-UI 
INTEGRATION 
TESTS[2m > 
[22m≡ƒöÉ 
Authentication 
Flow[2m > 
[22mShould signup a 
new creator
[31m[1mAssertionErr
or[22m: expected 
500 to be less than 
400[39m
[36m [2mΓ¥»[22m sr
c/tests/integration.t
est.ts:[2m37:31[22m
[39m
    [90m 35| [39m  
    })[33m;[39m
    [90m 36| [39m
    [90m 37| [39m  
    [34mexpect[39m(
response[33m.[39mst
atus)[33m.[39m[34m
toBeLessThan[39m([3
4m400[39m)[33m;[39
m [90m// Should not 
error[39m
    [90m   | [39m  
                     
       [31m^[39m
    [90m 38| [39m  
    [35mconst[39m 
data [33m=[39m 
[35mawait[39m respo
nse[33m.[39m[34mjs
on[39m()[33m;[39m
    [90m 39| [39m  
    [34mexpect[39m(
data)[33m.[39m[34m
toHaveProperty[39m(
[32m'user'[39m)[33m
;[39m

[31m[2mΓÄ»ΓÄ»ΓÄ»ΓÄ»
ΓÄ»ΓÄ»ΓÄ»ΓÄ»ΓÄ»ΓÄ»ΓÄ»
ΓÄ»ΓÄ»ΓÄ»ΓÄ»ΓÄ»ΓÄ»ΓÄ»
ΓÄ»ΓÄ»ΓÄ»ΓÄ»ΓÄ»[3/17]
ΓÄ»[22m[39m

[41m[1m FAIL 
[22m[49m src/tests/
integration.test.ts[
2m > [22m≡ƒÜÇ 
CREATORLY BACKEND-UI 
INTEGRATION 
TESTS[2m > 
[22m≡ƒöÉ 
Authentication 
Flow[2m > 
[22mShould login 
successfully
[31m[1mAssertionErr
or[22m: expected 
500 to be less than 
or equal to 401[39m
[36m [2mΓ¥»[22m sr
c/tests/integration.t
est.ts:[2m53:31[22m
[39m
    [90m 51| [39m
    [90m 52| [39m  
    [90m// NextAuth 
returns redirect, so 
check for 
session[39m
    [90m 53| [39m  
    [34mexpect[39m(
response[33m.[39mst
atus)[33m.[39m[34m
toBeLessThanOrEqual[
39m([34m401[39m)[3
3m;[39m
    [90m   | [39m  
                     
       [31m^[39m
    [90m 54| [39m  
  })[33m;[39m
    [90m 55| [39m  
})[33m;[39m

[31m[2mΓÄ»ΓÄ»ΓÄ»ΓÄ»
ΓÄ»ΓÄ»ΓÄ»ΓÄ»ΓÄ»ΓÄ»ΓÄ»
ΓÄ»ΓÄ»ΓÄ»ΓÄ»ΓÄ»ΓÄ»ΓÄ»
ΓÄ»ΓÄ»ΓÄ»ΓÄ»ΓÄ»[4/17]
ΓÄ»[22m[39m

[41m[1m FAIL 
[22m[49m src/tests/
integration.test.ts[
2m > [22m≡ƒÜÇ 
CREATORLY BACKEND-UI 
INTEGRATION 
TESTS[2m > 
[22m≡ƒôª Product 
Management Flow[2m 
> [22mShould fetch 
all products
[31m[1mSyntaxError
[22m: Unexpected 
token '<', 
"<!DOCTYPE "... is 
not valid JSON[39m
[36m [2mΓ¥»[22m sr
c/tests/integration.t
est.ts:[2m61:20[22m
[39m
    [90m 59| [39m  
    [35mconst[39m 
response [33m=[39m 
[35mawait[39m [34m
fetch[39m([32m`[39
m[36m${[39m[33mBAS
E_URL[39m[36m}[39m
[32m/api/products`[
39m)[33m;[39m
    [90m 60| [39m  
    [34mexpect[39m(
response[33m.[39mst
atus)[33m.[39m[34m
toBe[39m([34m200[3
9m)[33m;[39m
    [90m 61| [39m  
    [35mconst[39m 
data [33m=[39m 
[35mawait[39m respo
nse[33m.[39m[34mjs
on[39m()[33m;[39m
    [90m   | [39m  
                 
[31m^[39m
    [90m 62| [39m  
    [34mexpect[39m(
[33mArray[39m[33m.
[39m[34misArray[39
m(data))[33m.[39m[
34mtoBe[39m([35mtru
e[39m)[33m;[39m
    [90m 63| [39m  
  })[33m;[39m

[31m[2mΓÄ»ΓÄ»ΓÄ»ΓÄ»
ΓÄ»ΓÄ»ΓÄ»ΓÄ»ΓÄ»ΓÄ»ΓÄ»
ΓÄ»ΓÄ»ΓÄ»ΓÄ»ΓÄ»ΓÄ»ΓÄ»
ΓÄ»ΓÄ»ΓÄ»ΓÄ»ΓÄ»[5/17]
ΓÄ»[22m[39m

[41m[1m FAIL 
[22m[49m src/tests/
integration.test.ts[
2m > [22m≡ƒÜÇ 
CREATORLY BACKEND-UI 
INTEGRATION 
TESTS[2m > 
[22m≡ƒôª Product 
Management Flow[2m 
> [22mShould search 
products
[31m[1mAssertionErr
or[22m: expected 
500 to be 200 // 
Object.is 
equality[39m

[32m- Expected[39m
[31m+ Received[39m

[32m- 200[39m
[31m+ 500[39m

[36m [2mΓ¥»[22m sr
c/tests/integration.t
est.ts:[2m67:31[22m
[39m
    [90m 65| [39m  
  [34mit[39m([32m'
Should search product
s'[39m[33m,[39m 
[35masync[39m () 
[33m=>[39m {
    [90m 66| [39m  
    [35mconst[39m 
response [33m=[39m 
[35mawait[39m [34m
fetch[39m([32m`[39
m[36m${[39m[33mBAS
E_URL[39m[36m}[39m
[32m/api/search?q=pr
eset`[39m)[33m;[39
m
    [90m 67| [39m  
    [34mexpect[39m(
response[33m.[39mst
atus)[33m.[39m[34m
toBe[39m([34m200[3
9m)[33m;[39m
    [90m   | [39m  
                     
       [31m^[39m
    [90m 68| [39m  
    [35mconst[39m 
data [33m=[39m 
[35mawait[39m respo
nse[33m.[39m[34mjs
on[39m()[33m;[39m
    [90m 69| [39m  
    expect(Array.isAr
ray(data) || typeof 
data === 
'object').toBe(truΓÇª

[31m[2mΓÄ»ΓÄ»ΓÄ»ΓÄ»
ΓÄ»ΓÄ»ΓÄ»ΓÄ»ΓÄ»ΓÄ»ΓÄ»
ΓÄ»ΓÄ»ΓÄ»ΓÄ»ΓÄ»ΓÄ»ΓÄ»
ΓÄ»ΓÄ»ΓÄ»ΓÄ»ΓÄ»[6/17]
ΓÄ»[22m[39m

[41m[1m FAIL 
[22m[49m src/tests/
integration.test.ts[
2m > [22m≡ƒÜÇ 
CREATORLY BACKEND-UI 
INTEGRATION 
TESTS[2m > 
[22m≡ƒôª Product 
Management Flow[2m 
> [22mShould get 
product detail
[31m[1mSyntaxError
[22m: Unexpected 
token '<', 
"<!DOCTYPE "... is 
not valid JSON[39m
[36m [2mΓ¥»[22m sr
c/tests/integration.t
est.ts:[2m75:24[22m
[39m
    [90m 73| [39m  
    [90m// Get a 
product first[39m
    [90m 74| [39m  
    const 
listResponse = await 
fetch(`${BASE_URL}/ap
i/products?limitΓÇª
    [90m 75| [39m  
    [35mconst[39m 
products [33m=[39m 
[35mawait[39m listR
esponse[33m.[39m[3
4mjson[39m()[33m;[
39m
    [90m   | [39m  
                     
[31m^[39m
    [90m 76| [39m
    [90m 77| [39m  
    [35mif[39m 
(products 
[33m&&[39m products
[33m.[39mlength 
[33m>[39m 
[34m0[39m) {

[31m[2mΓÄ»ΓÄ»ΓÄ»ΓÄ»
ΓÄ»ΓÄ»ΓÄ»ΓÄ»ΓÄ»ΓÄ»ΓÄ»
ΓÄ»ΓÄ»ΓÄ»ΓÄ»ΓÄ»ΓÄ»ΓÄ»
ΓÄ»ΓÄ»ΓÄ»ΓÄ»ΓÄ»[7/17]
ΓÄ»[22m[39m

[41m[1m FAIL 
[22m[49m src/tests/
integration.test.ts[
2m > [22m≡ƒÜÇ 
CREATORLY BACKEND-UI 
INTEGRATION 
TESTS[2m > 
[22m≡ƒ¢Æ Cart & 
Checkout Flow[2m > 
[22mShould get 
marketplace
[31m[1mAssertionErr
or[22m: expected 
500 to be less than 
500[39m
[36m [2mΓ¥»[22m sr
c/tests/integration.t
est.ts:[2m94:31[22m
[39m
    [90m 92| [39m  
  [34mit[39m([32m'
Should get marketplac
e'[39m[33m,[39m 
[35masync[39m () 
[33m=>[39m {
    [90m 93| [39m  
    [35mconst[39m 
response [33m=[39m 
[35mawait[39m [34m
fetch[39m([32m`[39
m[36m${[39m[33mBAS
E_URL[39m[36m}[39m
[32m/api/marketplace
`[39m)[33m;[39m
    [90m 94| [39m  
    [34mexpect[39m(
response[33m.[39mst
atus)[33m.[39m[34m
toBeLessThan[39m([3
4m500[39m)[33m;[39
m
    [90m   | [39m  
                     
       [31m^[39m
    [90m 95| [39m  
  })[33m;[39m
    [90m 96| [39m  
})[33m;[39m

[31m[2mΓÄ»ΓÄ»ΓÄ»ΓÄ»
ΓÄ»ΓÄ»ΓÄ»ΓÄ»ΓÄ»ΓÄ»ΓÄ»
ΓÄ»ΓÄ»ΓÄ»ΓÄ»ΓÄ»ΓÄ»ΓÄ»
ΓÄ»ΓÄ»ΓÄ»ΓÄ»ΓÄ»[8/17]
ΓÄ»[22m[39m

[41m[1m FAIL 
[22m[49m src/tests/
integration.test.ts[
2m > [22m≡ƒÜÇ 
CREATORLY BACKEND-UI 
INTEGRATION 
TESTS[2m > 
[22m≡ƒææ Admin 
Dashboard Flow[2m > 
[22mShould fetch 
admin metrics 
(requires auth)
[31m[1mAssertionErr
or[22m: expected 
false to be true // 
Object.is 
equality[39m

[32m- Expected[39m
[31m+ Received[39m

[32m- true[39m
[31m+ false[39m

[36m [2mΓ¥»[22m sr
c/tests/integration.t
est.ts:[2m115:52[22
m[39m
    [90m113| [39m  
    [35mconst[39m 
response [33m=[39m 
[35mawait[39m [34m
fetch[39m([32m`[39
m[36m${[39m[33mBAS
E_URL[39m[36m}[39m
[32m/api/admin/metri
cs`[39m)[33m;[39m
    [90m114| [39m  
    [90m// Will 
return 401 without 
auth, which is 
expected[39m
    [90m115| [39m  
    [34mexpect[39m(
[[34m401[39m[33m,
[39m [34m200[39m][
33m.[39m[34minclude
s[39m(response[33m.
[39mstatus))[33m.[
39m[34mtoBe[39m([3
5mtrue[39m)[33m;[3
9m
    [90m   | [39m  
                     
                     
       [31m^[39m
    [90m116| [39m  
  })[33m;[39m
    [90m117| [39m

[31m[2mΓÄ»ΓÄ»ΓÄ»ΓÄ»
ΓÄ»ΓÄ»ΓÄ»ΓÄ»ΓÄ»ΓÄ»ΓÄ»
ΓÄ»ΓÄ»ΓÄ»ΓÄ»ΓÄ»ΓÄ»ΓÄ»
ΓÄ»ΓÄ»ΓÄ»ΓÄ»ΓÄ»[9/17]
ΓÄ»[22m[39m

[41m[1m FAIL 
[22m[49m src/tests/
integration.test.ts[
2m > [22m≡ƒÜÇ 
CREATORLY BACKEND-UI 
INTEGRATION 
TESTS[2m > 
[22m≡ƒææ Admin 
Dashboard Flow[2m > 
[22mShould list 
users (requires auth)
[31m[1mAssertionErr
or[22m: expected 
false to be true // 
Object.is 
equality[39m

[32m- Expected[39m
[31m+ Received[39m

[32m- true[39m
[31m+ false[39m

[36m [2mΓ¥»[22m sr
c/tests/integration.t
est.ts:[2m120:52[22
m[39m
    [90m118| [39m  
  [34mit[39m([32m'
Should list users 
(requires auth)'[39m
[33m,[39m 
[35masync[39m () 
[33m=>[39m {
    [90m119| [39m  
    [35mconst[39m 
response [33m=[39m 
[35mawait[39m [34m
fetch[39m([32m`[39
m[36m${[39m[33mBAS
E_URL[39m[36m}[39m
[32m/api/admin/users
`[39m)[33m;[39m
    [90m120| [39m  
    [34mexpect[39m(
[[34m401[39m[33m,
[39m [34m200[39m][
33m.[39m[34minclude
s[39m(response[33m.
[39mstatus))[33m.[
39m[34mtoBe[39m([3
5mtrue[39m)[33m;[3
9m
    [90m   | [39m  
                     
                     
       [31m^[39m
    [90m121| [39m  
  })[33m;[39m
    [90m122| [39m

[31m[2mΓÄ»ΓÄ»ΓÄ»ΓÄ»
ΓÄ»ΓÄ»ΓÄ»ΓÄ»ΓÄ»ΓÄ»ΓÄ»
ΓÄ»ΓÄ»ΓÄ»ΓÄ»ΓÄ»ΓÄ»ΓÄ»
ΓÄ»ΓÄ»ΓÄ»ΓÄ»[10/17]ΓÄ
»[22m[39m

[41m[1m FAIL 
[22m[49m src/tests/
integration.test.ts[
2m > [22m≡ƒÜÇ 
CREATORLY BACKEND-UI 
INTEGRATION 
TESTS[2m > 
[22m≡ƒææ Admin 
Dashboard Flow[2m > 
[22mShould list 
orders (requires 
auth)
[31m[1mAssertionErr
or[22m: expected 
false to be true // 
Object.is 
equality[39m

[32m- Expected[39m
[31m+ Received[39m

[32m- true[39m
[31m+ false[39m

[36m [2mΓ¥»[22m sr
c/tests/integration.t
est.ts:[2m125:52[22
m[39m
    [90m123| [39m  
  [34mit[39m([32m'
Should list orders 
(requires auth)'[39m
[33m,[39m 
[35masync[39m () 
[33m=>[39m {
    [90m124| [39m  
    [35mconst[39m 
response [33m=[39m 
[35mawait[39m [34m
fetch[39m([32m`[39
m[36m${[39m[33mBAS
E_URL[39m[36m}[39m
[32m/api/admin/order
s`[39m)[33m;[39m
    [90m125| [39m  
    [34mexpect[39m(
[[34m401[39m[33m,
[39m [34m200[39m][
33m.[39m[34minclude
s[39m(response[33m.
[39mstatus))[33m.[
39m[34mtoBe[39m([3
5mtrue[39m)[33m;[3
9m
    [90m   | [39m  
                     
                     
       [31m^[39m
    [90m126| [39m  
  })[33m;[39m
    [90m127| [39m

[31m[2mΓÄ»ΓÄ»ΓÄ»ΓÄ»
ΓÄ»ΓÄ»ΓÄ»ΓÄ»ΓÄ»ΓÄ»ΓÄ»
ΓÄ»ΓÄ»ΓÄ»ΓÄ»ΓÄ»ΓÄ»ΓÄ»
ΓÄ»ΓÄ»ΓÄ»ΓÄ»[11/17]ΓÄ
»[22m[39m

[41m[1m FAIL 
[22m[49m src/tests/
integration.test.ts[
2m > [22m≡ƒÜÇ 
CREATORLY BACKEND-UI 
INTEGRATION 
TESTS[2m > 
[22m≡ƒææ Admin 
Dashboard Flow[2m > 
[22mShould get 
finance data 
(requires auth)
[31m[1mAssertionErr
or[22m: expected 
false to be true // 
Object.is 
equality[39m

[32m- Expected[39m
[31m+ Received[39m

[32m- true[39m
[31m+ false[39m

[36m [2mΓ¥»[22m sr
c/tests/integration.t
est.ts:[2m130:52[22
m[39m
    [90m128| [39m  
  [34mit[39m([32m'
Should get finance 
data (requires auth)'
[39m[33m,[39m 
[35masync[39m () 
[33m=>[39m {
    [90m129| [39m  
    [35mconst[39m 
response [33m=[39m 
[35mawait[39m [34m
fetch[39m([32m`[39
m[36m${[39m[33mBAS
E_URL[39m[36m}[39m
[32m/api/admin/finan
ce`[39m)[33m;[39m
    [90m130| [39m  
    [34mexpect[39m(
[[34m401[39m[33m,
[39m [34m200[39m][
33m.[39m[34minclude
s[39m(response[33m.
[39mstatus))[33m.[
39m[34mtoBe[39m([3
5mtrue[39m)[33m;[3
9m
    [90m   | [39m  
                     
                     
       [31m^[39m
    [90m131| [39m  
  })[33m;[39m
    [90m132| [39m

[31m[2mΓÄ»ΓÄ»ΓÄ»ΓÄ»
ΓÄ»ΓÄ»ΓÄ»ΓÄ»ΓÄ»ΓÄ»ΓÄ»
ΓÄ»ΓÄ»ΓÄ»ΓÄ»ΓÄ»ΓÄ»ΓÄ»
ΓÄ»ΓÄ»ΓÄ»ΓÄ»[12/17]ΓÄ
»[22m[39m

[41m[1m FAIL 
[22m[49m src/tests/
integration.test.ts[
2m > [22m≡ƒÜÇ 
CREATORLY BACKEND-UI 
INTEGRATION 
TESTS[2m > 
[22m≡ƒææ Admin 
Dashboard Flow[2m > 
[22mShould list 
coupons (requires 
auth)
[31m[1mAssertionErr
or[22m: expected 
false to be true // 
Object.is 
equality[39m

[32m- Expected[39m
[31m+ Received[39m

[32m- true[39m

[31m+ false[39m

[36m [2mΓ¥»[22m sr
c/tests/integration.t
est.ts:[2m135:52[22
m[39m
    [90m133| [39m  
  [34mit[39m([32m'
Should list coupons 
(requires auth)'[39m
[33m,[39m 
[35masync[39m () 
[33m=>[39m {
    [90m134| [39m  
    [35mconst[39m 
response [33m=[39m 
[35mawait[39m [34m
fetch[39m([32m`[39
m[36m${[39m[33mBAS
E_URL[39m[36m}[39m
[32m/api/admin/coupo
ns`[39m)[33m;[39m
    [90m135| [39m  
    [34mexpect[39m(
[[34m401[39m[33m,
[39m [34m200[39m][
33m.[39m[34minclude
s[39m(response[33m.
[39mstatus))[33m.[
39m[34mtoBe[39m([3
5mtrue[39m)[33m;[3
9m
    [90m   | [39m  
                     
                     
       [31m^[39m
    [90m136| [39m  
  })[33m;[39m
    [90m137| [39m  
})[33m;[39m

[31m[2mΓÄ»ΓÄ»ΓÄ»ΓÄ»
ΓÄ»ΓÄ»ΓÄ»ΓÄ»ΓÄ»ΓÄ»ΓÄ»
ΓÄ»ΓÄ»ΓÄ»ΓÄ»ΓÄ»ΓÄ»ΓÄ»
ΓÄ»ΓÄ»ΓÄ»ΓÄ»[13/17]ΓÄ
»[22m[39m

[41m[1m FAIL 
[22m[49m src/tests/
integration.test.ts[
2m > [22m≡ƒÜÇ 
CREATORLY BACKEND-UI 
INTEGRATION 
TESTS[2m > 
[22m≡ƒöì Search & 
Discovery[2m > 
[22mShould search 
for products
[31m[1mAssertionErr
or[22m: expected 
500 to be 200 // 
Object.is 
equality[39m

[32m- Expected[39m
[31m+ Received[39m

[32m- 200[39m
[31m+ 500[39m

[36m [2mΓ¥»[22m sr
c/tests/integration.t
est.ts:[2m157:31[22
m[39m
[2m Test Files [22m [1m[31m3 failed[39m[22m[2m | [22m[1m[32m2 passed[39m[22m[90m (5)[39m
[2m      Tests [22m [1m[31m15 failed[39m[22m[2m | [22m[1m[32m17 passed[39m[22m[90m (32)[39m
[2m   Start at [22m 13:54:21
[2m   Duration [22m 20.16s[2m (transform 1.51s, setup 2.50s, import 2.40s, tests 7.84s, environment 23.90s)[22m

    [90m155| [39m  
  [34mit[39m([32m'
Should search for pro
ducts'[39m[33m,[39
m [35masync[39m () 
[33m=>[39m {
    [90m156| [39m  
    [35mconst[39m 
response [33m=[39m 
[35mawait[39m [34m
fetch[39m([32m`[39
m[36m${[39m[33mBAS
E_URL[39m[36m}[39m
[32m/api/search?q=ar
t`[39m)[33m;[39m
    [90m157| [39m  
    [34mexpect[39m(
response[33m.[39mst
atus)[33m.[39m[34m
toBe[39m([34m200[3
9m)[33m;[39m
    [90m   | [39m  
                     
       [31m^[39m
    [90m158| [39m  
  })[33m;[39m
    [90m159| [39m

[31m[2mΓÄ»ΓÄ»ΓÄ»ΓÄ»
ΓÄ»ΓÄ»ΓÄ»ΓÄ»ΓÄ»ΓÄ»ΓÄ»
ΓÄ»ΓÄ»ΓÄ»ΓÄ»ΓÄ»ΓÄ»ΓÄ»
ΓÄ»ΓÄ»ΓÄ»ΓÄ»[14/17]ΓÄ
»[22m[39m

[41m[1m FAIL 
[22m[49m src/tests/
integration.test.ts[
2m > [22m≡ƒÜÇ 
CREATORLY BACKEND-UI 
INTEGRATION 
TESTS[2m > 
[22m≡ƒöì Search & 
Discovery[2m > 
[22mShould search 
for creators
[31m[1mAssertionErr
or[22m: expected 
500 to be less than 
500[39m
[36m [2mΓ¥»[22m sr
c/tests/integration.t
est.ts:[2m163:31[22
m[39m
    [90m161| [39m  
    const response = 
await fetch(`${BASE_U
RL}/api/search?q=crea
tor&tΓÇª
    [90m162| [39m  
    [90m// May or 
may not have 
results, but should 
respond[39m
    [90m163| [39m  
    [34mexpect[39m(
response[33m.[39mst
atus)[33m.[39m[34m
toBeLessThan[39m([3
4m500[39m)[33m;[39
m
    [90m   | [39m  
                     
       [31m^[39m
    [90m164| [39m  
  })[33m;[39m
    [90m165| [39m  
})[33m;[39m

[31m[2mΓÄ»ΓÄ»ΓÄ»ΓÄ»
ΓÄ»ΓÄ»ΓÄ»ΓÄ»ΓÄ»ΓÄ»ΓÄ»
ΓÄ»ΓÄ»ΓÄ»ΓÄ»ΓÄ»ΓÄ»ΓÄ»
ΓÄ»ΓÄ»ΓÄ»ΓÄ»[15/17]ΓÄ
»[22m[39m

[41m[1m FAIL 
[22m[49m src/tests/
integration.test.ts[
2m > [22m≡ƒÜÇ 
CREATORLY BACKEND-UI 
INTEGRATION 
TESTS[2m > [22mΓ£à 
Response Format 
Validation[2m > 
[22mProducts should 
have required fields
[31m[1mSyntaxError
[22m: Unexpected 
token '<', 
"<!DOCTYPE "... is 
not valid JSON[39m
[36m [2mΓ¥»[22m sr
c/tests/integration.t
est.ts:[2m170:20[22
m[39m
    [90m168| [39m  
  [34mit[39m([32m'
Products should have 
required fields'[39m
[33m,[39m 
[35masync[39m () 
[33m=>[39m {
    [90m169| [39m  
    [35mconst[39m 
response [33m=[39m 
[35mawait[39m [34m
fetch[39m([32m`[39
m[36m${[39m[33mBAS
E_URL[39m[36m}[39m
[32m/api/products?li
mit=1`[39m)[33m;[3
9m
    [90m170| [39m  
    [35mconst[39m 
data [33m=[39m 
[35mawait[39m respo
nse[33m.[39m[34mjs
on[39m()[33m;[39m
    [90m   | [39m  
                 
[31m^[39m
    [90m171| [39m
    [90m172| [39m  
    [35mif[39m (dat
a[33m.[39mlength 
[33m>[39m 
[34m0[39m) {

[31m[2mΓÄ»ΓÄ»ΓÄ»ΓÄ»
ΓÄ»ΓÄ»ΓÄ»ΓÄ»ΓÄ»ΓÄ»ΓÄ»
ΓÄ»ΓÄ»ΓÄ»ΓÄ»ΓÄ»ΓÄ»ΓÄ»
ΓÄ»ΓÄ»ΓÄ»ΓÄ»[16/17]ΓÄ
»[22m[39m

[41m[1m FAIL 
[22m[49m src/tests/
integration.test.ts[
2m > [22m≡ƒÜÇ 
CREATORLY BACKEND-UI 
INTEGRATION 
TESTS[2m > 
[22m≡ƒ¢í∩╕Å Error 
Handling[2m > 
[22mShould handle 
invalid requests 
gracefully
[31m[1mAssertionErr
or[22m: expected 
false to be true // 
Object.is 
equality[39m

[32m- Expected[39m
[31m+ Received[39m

[32m- true[39m
[31m+ false[39m

[36m [2mΓ¥»[22m sr
c/tests/integration.t
est.ts:[2m203:57[22
m[39m
    [90m201| [39m
    [90m202| [39m  
    [90m// Should 
return error, not 
500[39m
    [90m203| [39m  
    [34mexpect[39m(
[[34m400[39m[33m,
[39m [34m401[39m[3
3m,[39m [34m403[39
m][33m.[39m[34minc
ludes[39m(response[
33m.[39mstatus))[33
m.[39m[34mtoBe[39m
([35mtrue[39m)[33m
;[39m
    [90m   | [39m  
                     
                     
            
[31m^[39m
    [90m204| [39m  
  })[33m;[39m
    [90m205| [39m  
})[33m;[39m

[31m[2mΓÄ»ΓÄ»ΓÄ»ΓÄ»
ΓÄ»ΓÄ»ΓÄ»ΓÄ»ΓÄ»ΓÄ»ΓÄ»
ΓÄ»ΓÄ»ΓÄ»ΓÄ»ΓÄ»ΓÄ»ΓÄ»
ΓÄ»ΓÄ»ΓÄ»ΓÄ»[17/17]ΓÄ
»[22m[39m

